// Jest Snapshot v1, https://goo.gl/fbAQLP

exports[`Theme Visual Regression Tests Dark Mode Tests Snapshot Comparison should match dark mode token snapshot: dark-mode-tokens 1`] = `
{
  "--label-bg-base": "#1f1f1f",
  "--label-bg-content": "#141414",
  "--label-bg-hover": "#2a2a2a",
  "--label-border-base": "#434343",
  "--label-border-light": "#303030",
  "--label-competency-bg": "#112a45",
  "--label-competency-border": "#1c3a5f",
  "--label-error-bg": "#2a1215",
  "--label-error-border": "#48181c",
  "--label-labeling-bg": "#141620",
  "--label-labeling-border": "#1d2436",
  "--label-primary": "#177ddc",
  "--label-primary-active": "#1765ad",
  "--label-primary-bg": "#111d2c",
  "--label-primary-border": "#15395b",
  "--label-primary-hover": "#3c9ae8",
  "--label-result-bg": "#111b26",
  "--label-result-border": "#164c7e",
  "--label-text-muted": "#6b6b6b",
  "--label-text-primary": "#f0f0f0",
  "--label-text-secondary": "#a6a6a6",
  "--label-threat-bg": "#2b1d11",
  "--label-threat-border": "#4a3220",
  "--label-training-bg": "#162312",
  "--label-training-border": "#274916",
  "--label-uas-bg": "#1a1325",
  "--label-uas-border": "#301c4d",
}
`;

exports[`Theme Visual Regression Tests Light Mode Tests Snapshot Comparison should match light mode token snapshot: light-mode-tokens 1`] = `
{
  "--label-bg-base": "#fff",
  "--label-bg-content": "#f0f4f8",
  "--label-bg-hover": "#f5f5f5",
  "--label-border-base": "#e8e8e8",
  "--label-border-light": "#d9d9d9",
  "--label-competency-bg": "#e8f4fc",
  "--label-competency-border": "#b3d4ea",
  "--label-error-bg": "#fef4f3",
  "--label-error-border": "#e8c8c5",
  "--label-labeling-bg": "#f5f8fc",
  "--label-labeling-border": "#ccd9e8",
  "--label-primary": "#1890ff",
  "--label-primary-active": "#096dd9",
  "--label-primary-bg": "#e6f7ff",
  "--label-primary-border": "#91d5ff",
  "--label-primary-hover": "#40a9ff",
  "--label-result-bg": "#f0f7fa",
  "--label-result-border": "#b8d8e8",
  "--label-text-muted": "#999",
  "--label-text-primary": "#333",
  "--label-text-secondary": "#666",
  "--label-threat-bg": "#fef6f0",
  "--label-threat-border": "#e8cfc0",
  "--label-training-bg": "#f0f7ed",
  "--label-training-border": "#c5ddb8",
  "--label-uas-bg": "#f7f3fc",
  "--label-uas-border": "#d4c8e8",
}
`;
